// Jest Snapshot v1, https://goo.gl/fbAQLP

exports[`üñ•Ô∏è Workspace Light matches snapshot 1`] = `
Object {
  "colors": Object {
    "activityBar.background": "<%= bgPrimary() %>",
    "activityBar.border": "<%= bgDarker() %>",
    "activityBar.dropBackground": "<%= bgFaded() %>",
    "activityBar.foreground": "<%= textPrimary() %>",
    "activityBarBadge.background": "<%= bgAccent() %>",
    "activityBarBadge.foreground": "<%= textAccent() %>",
    "badge.background": "<%= bgAccentLighter() %>",
    "badge.foreground": "<%= textAccent() %>",
    "breadcrumb.activeSelectionForeground": "<%= textFocus() %>",
    "breadcrumb.background": "<%= bgDarker() %>",
    "breadcrumb.focusForeground": "<%= textDarker() %>",
    "breadcrumb.foreground": "<%= textDarker() %>",
    "breadcrumbPicker.background": "<%= bgPrimary() %>",
    "button.background": "<%= bgAccent() %>",
    "button.foreground": "<%= textAccent() %>",
    "button.hoverBackground": "<%= bgAccentLighter() %>",
    "debugExceptionWidget.background": "<%= bgInvalid() %>",
    "debugExceptionWidget.border": "<%= bgInvalid() %>",
    "diffEditor.insertedTextBackground": "<%= bgSuccessFaded() %>",
    "diffEditor.removedTextBackground": "<%= bgInvalidFaded() %>",
    "dropdown.background": "<%= bgDarker() %>",
    "dropdown.border": "<%= bgDarker() %>",
    "dropdown.foreground": "<%= textPrimary() %>",
    "dropdown.listBackground": "<%= bgPrimary() %>",
    "editor.background": "<%= tokens.editor.background %>",
    "editor.findMatchBackground": "<%= tokens.find.current %>",
    "editor.findMatchHighlightBackground": "<%= tokens.find.other %>",
    "editor.foreground": "<%= tokens.editor.foreground %>",
    "editor.inactiveSelectionBackground": "<%= tokens.selection.inactive %>",
    "editor.lineHighlightBackground": "<%= tokens.lineHighlight %>",
    "editor.rangeHighlightBackground": "<%= tokens.selection.general %>",
    "editor.selectionBackground": "<%= tokens.selection.bright %>",
    "editor.selectionHighlightBackground": "<%= tokens.selection.general %>",
    "editor.wordHighlightBackground": "<%= tokens.selection.general %>",
    "editor.wordHighlightStrongBackground": "<%= tokens.selection.bright %>",
    "editorBracketMatch.background": "<%= tokens.guide.bracket %>",
    "editorBracketMatch.border": "<%= tokens.guide.whitespace %>",
    "editorCodeLens.foreground": "<%= tokens.guide.bracket %>",
    "editorCursor.foreground": "<%= tokens.caret %>",
    "editorError.foreground": "<%= textInvalid() %>",
    "editorGroup.background": "<%= bgLightest() %>",
    "editorGroup.border": "<%= editorGroupBorder() %>",
    "editorGroup.dropBackground": "<%= bgFaded() %>",
    "editorGroupHeader.noTabsBackground": "<%= bgDarker() %>",
    "editorGroupHeader.tabsBackground": "<%= bgDarker() %>",
    "editorGroupHeader.tabsBorder": "<%= bgLightest() %>",
    "editorGutter.addedBackground": "<%= gutterAdded() %>",
    "editorGutter.background": "<%= gutterBackground(tokens.gutter.background) %>",
    "editorGutter.deletedBackground": "<%= gutterDeleted() %>",
    "editorGutter.modifiedBackground": "<%= gutterModified() %>",
    "editorHoverWidget.background": "<%= bgLighter() %>",
    "editorIndentGuide.activeBackground": "<%= tokens.guide.active %>",
    "editorIndentGuide.background": "<%= tokens.guide.indent %>",
    "editorLineNumber.activeForeground": "<%= tokens.lineNumber.active %>",
    "editorLineNumber.foreground": "<%= tokens.lineNumber.foreground %>",
    "editorLink.activeForeground": "<%= tokens.link %>",
    "editorMarkerNavigation.background": "<%= bgPrimary() %>",
    "editorMarkerNavigationError.background": "<%= gutterDeleted() %>",
    "editorMarkerNavigationWarning.background": "<%= gutterModified() %>",
    "editorOverviewRuler.addedForeground": "<%= bgSuccess() %>",
    "editorOverviewRuler.border": "<%= editorGroupBorder() %>",
    "editorOverviewRuler.currentContentForeground": "<%= bgInfoFaded() %>",
    "editorOverviewRuler.deletedForeground": "<%= bgInvalid() %>",
    "editorOverviewRuler.errorForeground": "<%= bgInvalid() %>",
    "editorOverviewRuler.findMatchForeground": "<%= tokens.find.current %>",
    "editorOverviewRuler.incomingContentForeground": "<%= bgWarningFaded() %>",
    "editorOverviewRuler.infoForeground": "<%= bgWarning() %>",
    "editorOverviewRuler.modifiedForeground": "<%= bgWarning() %>",
    "editorOverviewRuler.rangeHighlightForeground": "<%= tokens.selection.general %>",
    "editorOverviewRuler.selectionHighlightForeground": "<%= tokens.selection.general %>",
    "editorOverviewRuler.warningForeground": "<%= bgWarning() %>",
    "editorOverviewRuler.wordHighlightForeground": "<%= tokens.selection.bright %>",
    "editorOverviewRuler.wordHighlightStrongForeground": "<%= tokens.selection.bright %>",
    "editorRuler.foreground": "<%= tokens.guide.ruler %>",
    "editorSuggestWidget.background": "<%= bgPrimary() %>",
    "editorSuggestWidget.border": "<%= bgDarker() %>",
    "editorSuggestWidget.foreground": "<%= textPrimary() %>",
    "editorSuggestWidget.selectedBackground": "<%= bgDarker() %>",
    "editorWarning.foreground": "<%= textWarning() %>",
    "editorWhitespace.foreground": "<%= tokens.guide.whitespace %>",
    "editorWidget.background": "<%= bgPrimary() %>",
    "editorWidget.border": "<%= bgDarker() %>",
    "errorForeground": "<%= textInvalid() %>",
    "extensionButton.prominentBackground": "<%= bgAccent() %>",
    "extensionButton.prominentForeground": "<%= textAccent() %>",
    "extensionButton.prominentHoverBackground": "<%= bgAccentDarker() %>",
    "focusBorder": "<%= bgFocus() %>",
    "foreground": "<%= workspace.foreground %>",
    "gitDecoration.conflictingResourceForeground": "<%= textInvalid() %>",
    "gitDecoration.deletedResourceForeground": "<%= textInvalid() %>",
    "gitDecoration.ignoredResourceForeground": "<%= textFaded() %>",
    "gitDecoration.modifiedResourceForeground": "<%= textInfo() %>",
    "gitDecoration.untrackedResourceForeground": "<%= textSuccess() %>",
    "input.background": "<%= bgLighter() %>",
    "input.border": "<%= bgDarker() %>",
    "input.foreground": "<%= textPrimary() %>",
    "input.placeholderForeground": "<%= textFaded() %>",
    "inputOption.activeBorder": "<%= bgDarkest() %>",
    "inputValidation.errorBackground": "<%= bgDarker() %>",
    "inputValidation.errorBorder": "<%= bgInvalid() %>",
    "inputValidation.infoBackground": "<%= bgDarker() %>",
    "inputValidation.infoBorder": "<%= bgInfo() %>",
    "inputValidation.warningBackground": "<%= bgDarker() %>",
    "inputValidation.warningBorder": "<%= bgWarning() %>",
    "list.activeSelectionBackground": "<%= bgActive() %>",
    "list.activeSelectionForeground": "<%= textActive() %>",
    "list.dropBackground": "<%= bgHover() %>",
    "list.focusBackground": "<%= bgFocus() %>",
    "list.focusForeground": "<%= textFocus() %>",
    "list.highlightForeground": "<%= workspace.accent %>",
    "list.hoverBackground": "<%= bgHover() %>",
    "list.hoverForeground": "<%= textHover() %>",
    "list.inactiveFocusBackground": "<%= bgInActiveFocus() %>",
    "list.inactiveSelectionBackground": "<%= bgActivePassive() %>",
    "list.inactiveSelectionForeground": "<%= textActivePassive() %>",
    "list.invalidItemForeground": "<%= textInvalid() %>",
    "merge.border": "<%= bgInvalid() %>",
    "merge.currentContentBackground": "<%= bgInfoFaded() %>",
    "merge.currentHeaderBackground": "<%= bgInfo() %>",
    "merge.incomingContentBackground": "<%= bgWarningFaded() %>",
    "merge.incomingHeaderBackground": "<%= bgWarning() %>",
    "notificationCenter.border": "<%= bgAccentDarker() %>",
    "notificationCenterHeader.background": "<%= bgAccentDarker() %>",
    "notificationCenterHeader.foreground": "<%= textAccent() %>",
    "notificationLink.foreground": "<%= tokens.link %>",
    "notificationToast.border": "<%= bgPrimary() %>",
    "notifications.background": "<%= bgDarkest() %>",
    "notifications.border": "<%= bgDarkest() %>",
    "notifications.foreground": "<%= textDarkest() %>",
    "panel.background": "<%= bgLightest() %>",
    "panel.border": "<%= bgDarkest() %>",
    "panelTitle.activeBorder": "<%= bgAccentDarker() %>",
    "panelTitle.activeForeground": "<%= textDarkest() %>",
    "panelTitle.inactiveForeground": "<%= textLightest() %>",
    "peekView.border": "<%= bgPrimary() %>",
    "peekViewEditor.background": "<%= bgLighter() %>",
    "peekViewEditor.matchHighlightBackground": "<%= tokens.selection.general %>",
    "peekViewEditorGutter.background": "<%= bgLighter() %>",
    "peekViewResult.background": "<%= bgLighter() %>",
    "peekViewResult.fileForeground": "<%= tokens.editor.foreground %>",
    "peekViewResult.lineForeground": "<%= tokens.editor.foreground %>",
    "peekViewResult.matchHighlightBackground": "<%= tokens.selection.general %>",
    "peekViewResult.selectionBackground": "<%= tokens.selection.bright %>",
    "peekViewResult.selectionForeground": "<%= tokens.editor.foreground %>",
    "peekViewTitle.background": "<%= bgDarker() %>",
    "peekViewTitleDescription.foreground": "<%= textLightest() %>",
    "peekViewTitleLabel.foreground": "<%= textDarker() %>",
    "pickerGroup.border": "<%= bgLighter() %>",
    "pickerGroup.foreground": "<%= textLighter() %>",
    "progressBar.background": "<%= workspace.accent %>",
    "scrollbar.shadow": "<%= shadow() %>",
    "scrollbarSlider.activeBackground": "<%= scrollbarActive() %>",
    "scrollbarSlider.background": "<%= scrollbarBg() %>",
    "scrollbarSlider.hoverBackground": "<%= scrollbarHover() %>",
    "selection.background": "<%= bgSelection() %>",
    "sideBar.background": "<%= bgLightest() %>",
    "sideBar.border": "<%= bgPrimary() %>",
    "sideBar.foreground": "<%= textPrimary() %>",
    "sideBarSectionHeader.background": "<%= bgPrimary() %>",
    "sideBarSectionHeader.foreground": "<%= textPrimary() %>",
    "sideBarTitle.foreground": "<%= textLighter() %>",
    "statusBar.background": "<%= bgPrimary() %>",
    "statusBar.border": "<%= bgDarker() %>",
    "statusBar.debuggingBackground": "<%= bgAccent() %>",
    "statusBar.debuggingForeground": "<%= textAccent() %>",
    "statusBar.foreground": "<%= textStatusbar() %>",
    "statusBar.noFolderBackground": "<%= bgPrimary() %>",
    "statusBar.noFolderForeground": "<%= textLightest() %>",
    "statusBarItem.activeBackground": "<%= bgActive() %>",
    "statusBarItem.hoverBackground": "<%= bgHover() %>",
    "statusBarItem.prominentBackground": "<%= bgAccentDarker() %>",
    "statusBarItem.prominentHoverBackground": "<%= bgAccentLighter() %>",
    "tab.activeBackground": "<%= bgLightest() %>",
    "tab.activeBorder": "<%= bgAccentDarker() %>",
    "tab.activeForeground": "<%= textPrimary() %>",
    "tab.border": "<%= bgDarkest() %>",
    "tab.hoverBackground": "<%= bgLighter() %>",
    "tab.inactiveBackground": "<%= bgDarker() %>",
    "tab.inactiveForeground": "<%= textLighter() %>",
    "tab.unfocusedActiveForeground": "<%= textLighter() %>",
    "tab.unfocusedHoverBackground": "<%= bgLightest() %>",
    "tab.unfocusedInactiveForeground": "<%= textLightest() %>",
    "terminal.ansiBlack": "<%= workspace.terminal.ansiBlack %>",
    "terminal.ansiBlue": "<%= workspace.terminal.ansiBlue %>",
    "terminal.ansiBrightBlack": "<%= workspace.terminal.ansiBrightBlack %>",
    "terminal.ansiBrightBlue": "<%= workspace.terminal.ansiBrightBlue %>",
    "terminal.ansiBrightCyan": "<%= workspace.terminal.ansiBrightCyan %>",
    "terminal.ansiBrightGreen": "<%= workspace.terminal.ansiBrightGreen %>",
    "terminal.ansiBrightMagenta": "<%= workspace.terminal.ansiBrightMagenta %>",
    "terminal.ansiBrightRed": "<%= workspace.terminal.ansiBrightRed %>",
    "terminal.ansiBrightWhite": "<%= workspace.terminal.ansiBrightWhite %>",
    "terminal.ansiBrightYellow": "<%= workspace.terminal.ansiBrightYellow %>",
    "terminal.ansiCyan": "<%= workspace.terminal.ansiCyan %>",
    "terminal.ansiGreen": "<%= workspace.terminal.ansiGreen %>",
    "terminal.ansiMagenta": "<%= workspace.terminal.ansiMagenta %>",
    "terminal.ansiRed": "<%= workspace.terminal.ansiRed %>",
    "terminal.ansiWhite": "<%= workspace.terminal.ansiWhite %>",
    "terminal.ansiYellow": "<%= workspace.terminal.ansiYellow %>",
    "terminal.background": "<%= bgPrimary() %>",
    "terminal.foreground": "<%= textPrimary() %>",
    "terminal.selectionBackground": "<%= workspace.terminal.selectionBackground %>",
    "titleBar.activeBackground": "<%= bgDarker() %>",
    "titleBar.activeForeground": "<%= textDarkest() %>",
    "titleBar.border": "<%= bgDarkest() %>",
    "titleBar.inactiveBackground": "<%= bgPrimary() %>",
    "titleBar.inactiveForeground": "<%= textLighter() %>",
    "walkThrough.embeddedEditorBackground": "<%= bgPrimary() %>",
    "welcomePage.buttonBackground": "<%= bgLighter() %>",
    "welcomePage.buttonHoverBackground": "<%= bgLightest() %>",
    "widget.shadow": "<%= shadow() %>",
  },
}
`;
